tests/cases/ebnf_filters_502.sh: line 14: unexpected EOF while looking for matching `''
tests/cases/ebnf_filters_502.sh: line 15: syntax error: unexpected end of file
